lockandload                     = $8000 ; addr, local, , Z_main, MAIN, Z_main.asm:21
UNCOMP_SONG                     = $801F ; addr, local, , Z_main, MAIN, Z_main.asm:50
BUFFER_UNCOMP                   = $C8E7 ; addr, local, , Z_main, PTZX_Player, Z_main.asm:81
START                           = $C000 ; addr, local, , Z_main, PTZX_Player, Z_PTZX.asm:66
_LP                             = $800F ; addr, local, , Z_main, MAIN, Z_main.asm:34
TABLA_SONG_CMP                  = $D8E7 ; addr, local, , Z_main, PTZX_Player, Z_main.asm:85
EXT_WORD                        = $802E ; addr, local, , Z_main, MAIN, Z_main.asm:65
dzx0_standard                   = $C8A3 ; addr, local, , Z_main, PTZX_Player, Z_PTZX.asm:1359
TonA                            = $0000 ; const, local, , Z_main, PTZX_Player, Z_PTZX.asm:46
TonB                            = $0002 ; const, local, , Z_main, PTZX_Player, Z_PTZX.asm:47
TonC                            = $0004 ; const, local, , Z_main, PTZX_Player, Z_PTZX.asm:48
Noise                           = $0006 ; const, local, , Z_main, PTZX_Player, Z_PTZX.asm:49
Mixer                           = $0007 ; const, local, , Z_main, PTZX_Player, Z_PTZX.asm:50
AmplA                           = $0008 ; const, local, , Z_main, PTZX_Player, Z_PTZX.asm:51
AmplB                           = $0009 ; const, local, , Z_main, PTZX_Player, Z_PTZX.asm:52
AmplC                           = $000A ; const, local, , Z_main, PTZX_Player, Z_PTZX.asm:53
Env                             = $000B ; const, local, , Z_main, PTZX_Player, Z_PTZX.asm:54
EnvTp                           = $000D ; const, local, , Z_main, PTZX_Player, Z_PTZX.asm:55
MDLADDR                         = $C8A3 ; addr, local, , Z_main, PTZX_Player, Z_PTZX.asm:1345
INIT                            = $C03D ; addr, local, , Z_main, PTZX_Player, Z_PTZX.asm:95
PLAY                            = $C4C8 ; addr, local, , Z_main, PTZX_Player, Z_PTZX.asm:929
MUTE                            = $C031 ; addr, local, , Z_main, PTZX_Player, Z_PTZX.asm:87
CHECKLP                         = $C020 ; addr, local, , Z_main, PTZX_Player, Z_PTZX.asm:77
SETUP                           = $C668 ; addr, local, , Z_main, PTZX_Player, Z_PTZX.asm:1225
DelyCnt                         = $C6DD ; addr, local, , Z_main, PTZX_Player, Z_PTZX.asm:1311
ChanA                           = $C686 ; addr, local, , Z_main, PTZX_Player, Z_PTZX.asm:1303
CHP_NtSkCn                      = $001B ; const, local, , Z_main, PTZX_Player, Z_PTZX.asm:1297
AYREGS                          = $C6E3 ; addr, local, , Z_main, PTZX_Player, Z_PTZX.asm:1318
ROUT_A0                         = $C5C2 ; addr, local, , Z_main, PTZX_Player, Z_PTZX.asm:1075
MODADDR                         = $C673 ; addr, local, , Z_main, PTZX_Player, Z_PTZX.asm:1240
Delay                           = $C677 ; addr, local, , Z_main, PTZX_Player, Z_PTZX.asm:1244
CrPsPtr                         = $C669 ; addr, local, , Z_main, PTZX_Player, Z_PTZX.asm:1228
LPosPtr                         = $C680 ; addr, local, , Z_main, PTZX_Player, Z_PTZX.asm:1256
PatsPtr                         = $C67E ; addr, local, , Z_main, PTZX_Player, Z_PTZX.asm:1254
OrnPtrs                         = $C67C ; addr, local, , Z_main, PTZX_Player, Z_PTZX.asm:1252
SamPtrs                         = $C67A ; addr, local, , Z_main, PTZX_Player, Z_PTZX.asm:1250
T_PACK                          = $C633 ; addr, local, , Z_main, PTZX_Player, Z_PTZX.asm:1146
T1_                             = $C6F3 ; addr, local, , Z_main, PTZX_Player, Z_PTZX.asm:1324
TP_0                            = $C07C ; addr, local, , Z_main, PTZX_Player, Z_PTZX.asm:129
TP_1                            = $C088 ; addr, local, , Z_main, PTZX_Player, Z_PTZX.asm:139
TP_2                            = $C08F ; addr, local, , Z_main, PTZX_Player, Z_PTZX.asm:146
VAR0START                       = $C686 ; addr, local, , Z_main, PTZX_Player, Z_PTZX.asm:1268
VAR0END                         = $C6F3 ; addr, local, , Z_main, PTZX_Player, Z_PTZX.asm:1341
ChanB                           = $C6A3 ; addr, local, , Z_main, PTZX_Player, Z_PTZX.asm:1305
ChanC                           = $C6C0 ; addr, local, , Z_main, PTZX_Player, Z_PTZX.asm:1307
EMPTYSAMORN                     = $C62F ; addr, local, , Z_main, PTZX_Player, Z_PTZX.asm:1141
AdInPtA                         = $C66C ; addr, local, , Z_main, PTZX_Player, Z_PTZX.asm:1232
CHP_OrnPtr                      = $000D ; const, local, , Z_main, PTZX_Player, Z_PTZX.asm:1286
CHP_SamPtr                      = $000F ; const, local, , Z_main, PTZX_Player, Z_PTZX.asm:1287
L20                             = $C0D8 ; addr, local, , Z_main, PTZX_Player, Z_PTZX.asm:188
L21                             = $C0DA ; addr, local, , Z_main, PTZX_Player, Z_PTZX.asm:190
Version                         = $C685 ; addr, local, , Z_main, PTZX_Player, Z_PTZX.asm:1264
WTF1                            = $C0E0 ; addr, local, , Z_main, PTZX_Player, Z_PTZX.asm:194
NT_DATA                         = $C5DF ; addr, local, , Z_main, PTZX_Player, Z_PTZX.asm:1095
L3                              = $C682 ; addr, local, , Z_main, PTZX_Player, Z_PTZX.asm:1258
ERROR2                          = $C101 ; addr, local, , Z_main, PTZX_Player, Z_PTZX.asm:224
T_                              = $C5EF ; addr, local, , Z_main, PTZX_Player, Z_PTZX.asm:1113
NT_                             = $C7E3 ; addr, local, , Z_main, PTZX_Player, Z_PTZX.asm:1335
L1                              = $C10F ; addr, local, , Z_main, PTZX_Player, Z_PTZX.asm:239
L2                              = $C11C ; addr, local, , Z_main, PTZX_Player, Z_PTZX.asm:251
ERROR3                          = $C13A ; addr, local, , Z_main, PTZX_Player, Z_PTZX.asm:281
CORR_1                          = $C143 ; addr, local, , Z_main, PTZX_Player, Z_PTZX.asm:290
TC_EXIT                         = $C158 ; addr, local, , Z_main, PTZX_Player, Z_PTZX.asm:310
CORR_2                          = $C151 ; addr, local, , Z_main, PTZX_Player, Z_PTZX.asm:303
M1                              = $C167 ; addr, local, , Z_main, PTZX_Player, Z_PTZX.asm:327
M2                              = $C682 ; addr, local, , Z_main, PTZX_Player, Z_PTZX.asm:1259
VT_                             = $C6E3 ; addr, local, , Z_main, PTZX_Player, Z_PTZX.asm:1320
INITV2                          = $C170 ; addr, local, , Z_main, PTZX_Player, Z_PTZX.asm:333
INITV1                          = $C175 ; addr, local, , Z_main, PTZX_Player, Z_PTZX.asm:340
M3                              = $C18F ; addr, local, , Z_main, PTZX_Player, Z_PTZX.asm:359
PD_OrSm                         = $C196 ; addr, local, , Z_main, PTZX_Player, Z_PTZX.asm:367
CHP_Env_En                      = $0014 ; const, local, , Z_main, PTZX_Player, Z_PTZX.asm:1291
SETORN                          = $C33D ; addr, local, , Z_main, PTZX_Player, Z_PTZX.asm:676
PD_SAM                          = $C1A0 ; addr, local, , Z_main, PTZX_Player, Z_PTZX.asm:374
PD_SAM_                         = $C1A1 ; addr, local, , Z_main, PTZX_Player, Z_PTZX.asm:377
PD_LOOP                         = $C1F8 ; addr, local, , Z_main, PTZX_Player, Z_PTZX.asm:441
PD_VOL                          = $C1B7 ; addr, local, , Z_main, PTZX_Player, Z_PTZX.asm:395
CHP_Volume                      = $001C ; const, local, , Z_main, PTZX_Player, Z_PTZX.asm:1298
PD_LP2                          = $C1FB ; addr, local, , Z_main, PTZX_Player, Z_PTZX.asm:443
PD_EOff                         = $C1C0 ; addr, local, , Z_main, PTZX_Player, Z_PTZX.asm:403
CHP_PsInOr                      = $0000 ; const, local, , Z_main, PTZX_Player, Z_PTZX.asm:1271
PD_SorE                         = $C1C8 ; addr, local, , Z_main, PTZX_Player, Z_PTZX.asm:408
PD_ENV                          = $C1D2 ; addr, local, , Z_main, PTZX_Player, Z_PTZX.asm:416
CHP_NNtSkp                      = $0011 ; const, local, , Z_main, PTZX_Player, Z_PTZX.asm:1288
SETENV                          = $C321 ; addr, local, , Z_main, PTZX_Player, Z_PTZX.asm:656
PD_ORN                          = $C1D7 ; addr, local, , Z_main, PTZX_Player, Z_PTZX.asm:420
PD_ESAM                         = $C1DC ; addr, local, , Z_main, PTZX_Player, Z_PTZX.asm:424
PTDECOD                         = $C1E9 ; addr, local, , Z_main, PTZX_Player, Z_PTZX.asm:432
CHP_Note                        = $0012 ; const, local, , Z_main, PTZX_Player, Z_PTZX.asm:1289
PrNote                          = $C684 ; addr, local, , Z_main, PTZX_Player, Z_PTZX.asm:1262
CHP_CrTnSl                      = $0006 ; const, local, , Z_main, PTZX_Player, Z_PTZX.asm:1277
PrSlide                         = $C682 ; addr, local, , Z_main, PTZX_Player, Z_PTZX.asm:1260
PD_FIN                          = $C253 ; addr, local, , Z_main, PTZX_Player, Z_PTZX.asm:514
PD_REL                          = $C233 ; addr, local, , Z_main, PTZX_Player, Z_PTZX.asm:490
PD_NOTE                         = $C239 ; addr, local, , Z_main, PTZX_Player, Z_PTZX.asm:494
PD_NOIS                         = $C22E ; addr, local, , Z_main, PTZX_Player, Z_PTZX.asm:486
SPCCOMS                         = $C356 ; addr, local, , Z_main, PTZX_Player, Z_PTZX.asm:697
Ns_Base                         = $C6E1 ; addr, local, , Z_main, PTZX_Player, Z_PTZX.asm:1315
CHP_Flags                       = $0015 ; const, local, , Z_main, PTZX_Player, Z_PTZX.asm:1292
PD_RES                          = $C241 ; addr, local, , Z_main, PTZX_Player, Z_PTZX.asm:499
PDSP_                           = $C678 ; addr, local, , Z_main, PTZX_Player, Z_PTZX.asm:1246
C_PORTM                         = $C25A ; addr, local, , Z_main, PTZX_Player, Z_PTZX.asm:519
CHP_TnSlDl                      = $0016 ; const, local, , Z_main, PTZX_Player, Z_PTZX.asm:1294
CHP_TSlCnt                      = $0005 ; const, local, , Z_main, PTZX_Player, Z_PTZX.asm:1276
CHP_SlToNt                      = $0013 ; const, local, , Z_main, PTZX_Player, Z_PTZX.asm:1290
CHP_TnDelt                      = $0019 ; const, local, , Z_main, PTZX_Player, Z_PTZX.asm:1296
OLDPRTM                         = $C2A9 ; addr, local, , Z_main, PTZX_Player, Z_PTZX.asm:566
NOSIG                           = $C2B2 ; addr, local, , Z_main, PTZX_Player, Z_PTZX.asm:575
SET_STP                         = $C2BC ; addr, local, , Z_main, PTZX_Player, Z_PTZX.asm:582
CHP_TSlStp                      = $0017 ; const, local, , Z_main, PTZX_Player, Z_PTZX.asm:1295
CHP_COnOff                      = $000A ; const, local, , Z_main, PTZX_Player, Z_PTZX.asm:1279
C_GLISS                         = $C2C8 ; addr, local, , Z_main, PTZX_Player, Z_PTZX.asm:589
GL36                            = $C2DB ; addr, local, , Z_main, PTZX_Player, Z_PTZX.asm:601
C_SMPOS                         = $C2E5 ; addr, local, , Z_main, PTZX_Player, Z_PTZX.asm:610
CHP_PsInSm                      = $0001 ; const, local, , Z_main, PTZX_Player, Z_PTZX.asm:1272
C_ORPOS                         = $C2EB ; addr, local, , Z_main, PTZX_Player, Z_PTZX.asm:616
C_VIBRT                         = $C2F1 ; addr, local, , Z_main, PTZX_Player, Z_PTZX.asm:622
CHP_OnOffD                      = $000B ; const, local, , Z_main, PTZX_Player, Z_PTZX.asm:1282
CHP_OffOnD                      = $000C ; const, local, , Z_main, PTZX_Player, Z_PTZX.asm:1285
C_ENGLS                         = $C309 ; addr, local, , Z_main, PTZX_Player, Z_PTZX.asm:636
Env_Del                         = $C672 ; addr, local, , Z_main, PTZX_Player, Z_PTZX.asm:1238
CurEDel                         = $C6E0 ; addr, local, , Z_main, PTZX_Player, Z_PTZX.asm:1313
ESldAdd                         = $C675 ; addr, local, , Z_main, PTZX_Player, Z_PTZX.asm:1242
C_DELAY                         = $C31B ; addr, local, , Z_main, PTZX_Player, Z_PTZX.asm:650
EnvBase                         = $C6F1 ; addr, local, , Z_main, PTZX_Player, Z_PTZX.asm:1322
CurESld                         = $C6DE ; addr, local, , Z_main, PTZX_Player, Z_PTZX.asm:1312
C_NOP                           = $C33C ; addr, local, , Z_main, PTZX_Player, Z_PTZX.asm:673
CHREGS                          = $C376 ; addr, local, , Z_main, PTZX_Player, Z_PTZX.asm:715
Ampl                            = $C6ED ; addr, local, , Z_main, PTZX_Player, Z_PTZX.asm:1339
CH_EXIT                         = $C4A5 ; addr, local, , Z_main, PTZX_Player, Z_PTZX.asm:907
CSP_                            = $C678 ; addr, local, , Z_main, PTZX_Player, Z_PTZX.asm:1247
CH_ORPS                         = $C399 ; addr, local, , Z_main, PTZX_Player, Z_PTZX.asm:736
CH_NTP                          = $C3A4 ; addr, local, , Z_main, PTZX_Player, Z_PTZX.asm:743
CH_NOK                          = $C3AA ; addr, local, , Z_main, PTZX_Player, Z_PTZX.asm:748
CH_SMPS                         = $C3C5 ; addr, local, , Z_main, PTZX_Player, Z_PTZX.asm:768
CHP_TnAcc                       = $0008 ; const, local, , Z_main, PTZX_Player, Z_PTZX.asm:1278
CH_NOAC                         = $C3DB ; addr, local, , Z_main, PTZX_Player, Z_PTZX.asm:780
CH_AMP                          = $C437 ; addr, local, , Z_main, PTZX_Player, Z_PTZX.asm:827
CH_STPP                         = $C422 ; addr, local, , Z_main, PTZX_Player, Z_PTZX.asm:817
CHP_CrAmSl                      = $0002 ; const, local, , Z_main, PTZX_Player, Z_PTZX.asm:1273
CH_NOAM                         = $C451 ; addr, local, , Z_main, PTZX_Player, Z_PTZX.asm:846
CH_AMIN                         = $C449 ; addr, local, , Z_main, PTZX_Player, Z_PTZX.asm:838
CH_SVAM                         = $C44E ; addr, local, , Z_main, PTZX_Player, Z_PTZX.asm:843
CH_APOS                         = $C45A ; addr, local, , Z_main, PTZX_Player, Z_PTZX.asm:854
CH_VOL                          = $C460 ; addr, local, , Z_main, PTZX_Player, Z_PTZX.asm:859
CH_ENV                          = $C46B ; addr, local, , Z_main, PTZX_Player, Z_PTZX.asm:867
CH_NOEN                         = $C472 ; addr, local, , Z_main, PTZX_Player, Z_PTZX.asm:872
NO_ENSL                         = $C493 ; addr, local, , Z_main, PTZX_Player, Z_PTZX.asm:894
CHP_CrEnSl                      = $0004 ; const, local, , Z_main, PTZX_Player, Z_PTZX.asm:1275
NO_ENAC                         = $C48C ; addr, local, , Z_main, PTZX_Player, Z_PTZX.asm:887
AddToEn                         = $C66B ; addr, local, , Z_main, PTZX_Player, Z_PTZX.asm:1230
CH_MIX                          = $C4A1 ; addr, local, , Z_main, PTZX_Player, Z_PTZX.asm:902
CHP_CrNsSl                      = $0003 ; const, local, , Z_main, PTZX_Player, Z_PTZX.asm:1274
AddToNs                         = $C6E2 ; addr, local, , Z_main, PTZX_Player, Z_PTZX.asm:1316
CH_ONDL                         = $C4C4 ; addr, local, , Z_main, PTZX_Player, Z_PTZX.asm:925
PL2                             = $C55E ; addr, local, , Z_main, PTZX_Player, Z_PTZX.asm:1019
PL1B                            = $C52E ; addr, local, , Z_main, PTZX_Player, Z_PTZX.asm:991
PL1A                            = $C523 ; addr, local, , Z_main, PTZX_Player, Z_PTZX.asm:986
PLNLP                           = $C4FC ; addr, local, , Z_main, PTZX_Player, Z_PTZX.asm:960
PSP_                            = $C678 ; addr, local, , Z_main, PTZX_Player, Z_PTZX.asm:1248
AdInPtB                         = $C66E ; addr, local, , Z_main, PTZX_Player, Z_PTZX.asm:1234
AdInPtC                         = $C670 ; addr, local, , Z_main, PTZX_Player, Z_PTZX.asm:1236
PL1C                            = $C543 ; addr, local, , Z_main, PTZX_Player, Z_PTZX.asm:1002
PL1D                            = $C558 ; addr, local, , Z_main, PTZX_Player, Z_PTZX.asm:1014
Ns_Base_AddToNs                 = $C6E1 ; addr, local, , Z_main, PTZX_Player, Z_PTZX.asm:1314
ROUT                            = $C5C1 ; addr, local, , Z_main, PTZX_Player, Z_PTZX.asm:1073
LOUT                            = $C5CB ; addr, local, , Z_main, PTZX_Player, Z_PTZX.asm:1079
T_NEW_0                         = $C725 ; addr, local, , Z_main, PTZX_Player, Z_PTZX.asm:1330
TCNEW_0                         = $C619 ; addr, local, , Z_main, PTZX_Player, Z_PTZX.asm:1129
T_OLD_0                         = $C725 ; addr, local, , Z_main, PTZX_Player, Z_PTZX.asm:1329
TCOLD_0                         = $C5EF ; addr, local, , Z_main, PTZX_Player, Z_PTZX.asm:1115
T_NEW_1                         = $C6F3 ; addr, local, , Z_main, PTZX_Player, Z_PTZX.asm:1331
TCNEW_1                         = $C5FB ; addr, local, , Z_main, PTZX_Player, Z_PTZX.asm:1133
T_OLD_1                         = $C6F3 ; addr, local, , Z_main, PTZX_Player, Z_PTZX.asm:1326
TCOLD_1                         = $C5FB ; addr, local, , Z_main, PTZX_Player, Z_PTZX.asm:1119
T_NEW_2                         = $C73D ; addr, local, , Z_main, PTZX_Player, Z_PTZX.asm:1332
TCNEW_2                         = $C624 ; addr, local, , Z_main, PTZX_Player, Z_PTZX.asm:1135
T_OLD_2                         = $C70B ; addr, local, , Z_main, PTZX_Player, Z_PTZX.asm:1327
TCOLD_2                         = $C5FD ; addr, local, , Z_main, PTZX_Player, Z_PTZX.asm:1122
T_NEW_3                         = $C723 ; addr, local, , Z_main, PTZX_Player, Z_PTZX.asm:1333
TCNEW_3                         = $C60F ; addr, local, , Z_main, PTZX_Player, Z_PTZX.asm:1125
T_OLD_3                         = $C723 ; addr, local, , Z_main, PTZX_Player, Z_PTZX.asm:1328
TCOLD_3                         = $C610 ; addr, local, , Z_main, PTZX_Player, Z_PTZX.asm:1127
ERROR8                          = $C65B ; addr, local, , Z_main, PTZX_Player, Z_PTZX.asm:1201
check8                          = $C65D ; addr, local, , Z_main, PTZX_Player, Z_PTZX.asm:1205
VARS                            = $C668 ; addr, local, , Z_main, PTZX_Player, Z_PTZX.asm:1221
CHP                             = $001D ; const, local, , Z_main, PTZX_Player, Z_PTZX.asm:1300
VARSEND                         = $C8A3 ; addr, local, , Z_main, PTZX_Player, Z_PTZX.asm:1343
dzx0s_literals                  = $C8AA ; addr, local, , Z_main, PTZX_Player, Z_PTZX.asm:1364
dzx0s_elias                     = $C8D8 ; addr, local, , Z_main, PTZX_Player, Z_PTZX.asm:1395
dzx0s_new_offset                = $C8BF ; addr, local, , Z_main, PTZX_Player, Z_PTZX.asm:1379
dzx0s_copy                      = $C8B5 ; addr, local, , Z_main, PTZX_Player, Z_PTZX.asm:1370
dzx0s_elias_loop                = $C8D9 ; addr, local, , Z_main, PTZX_Player, Z_PTZX.asm:1397
dzx0s_elias_backtrack           = $C8E0 ; addr, local, , Z_main, PTZX_Player, Z_PTZX.asm:1405
dzx0s_elias_skip                = $C8DF ; addr, local, , Z_main, PTZX_Player, Z_PTZX.asm:1403
song1                           = $D8EB ; addr, local, , Z_main, PTZX_Player, Z_main.asm:90
song2                           = $DD7F ; addr, local, , Z_main, PTZX_Player, Z_main.asm:93
song3                           = $E31B ; addr, local, , Z_main, PTZX_Player, Z_main.asm:96
__head                          = $0000 ; const, public, def, , ,
__tail                          = $E661 ; const, public, def, , ,
__size                          = $E661 ; const, public, def, , ,
__MAIN_head                     = $8000 ; const, public, def, , ,
__MAIN_tail                     = $8038 ; const, public, def, , ,
__MAIN_size                     = $0038 ; const, public, def, , ,
__PTZX_Player_head              = $C000 ; const, public, def, , ,
__PTZX_Player_tail              = $E661 ; const, public, def, , ,
__PTZX_Player_size              = $2661 ; const, public, def, , ,
